Archive member included to satisfy reference by file (symbol)

c:/program files (x86)/atollic/truestudio for stm32 9.3.0/armtools/bin/../lib/gcc/arm-atollic-eabi/6.3.1/../../../../arm-atollic-eabi/lib/armv7-m\libc_nano.a(lib_a-errno.o)
                              Core\Src\syscalls.o (__errno)
c:/program files (x86)/atollic/truestudio for stm32 9.3.0/armtools/bin/../lib/gcc/arm-atollic-eabi/6.3.1/../../../../arm-atollic-eabi/lib/armv7-m\libc_nano.a(lib_a-impure.o)
                              c:/program files (x86)/atollic/truestudio for stm32 9.3.0/armtools/bin/../lib/gcc/arm-atollic-eabi/6.3.1/../../../../arm-atollic-eabi/lib/armv7-m\libc_nano.a(lib_a-errno.o) (_impure_ptr)
c:/program files (x86)/atollic/truestudio for stm32 9.3.0/armtools/bin/../lib/gcc/arm-atollic-eabi/6.3.1/../../../../arm-atollic-eabi/lib/armv7-m\libc_nano.a(lib_a-init.o)
                              startup\startup_stm32f103xb.o (__libc_init_array)
c:/program files (x86)/atollic/truestudio for stm32 9.3.0/armtools/bin/../lib/gcc/arm-atollic-eabi/6.3.1/../../../../arm-atollic-eabi/lib/armv7-m\libc_nano.a(lib_a-memset.o)
                              Core\Src\main.o (memset)
c:/program files (x86)/atollic/truestudio for stm32 9.3.0/armtools/bin/../lib/gcc/arm-atollic-eabi/6.3.1/../../../../arm-atollic-eabi/lib/armv7-m\libc_nano.a(lib_a-sprintf.o)
                              Core\Src\main.o (sprintf)
c:/program files (x86)/atollic/truestudio for stm32 9.3.0/armtools/bin/../lib/gcc/arm-atollic-eabi/6.3.1/../../../../arm-atollic-eabi/lib/armv7-m\libc_nano.a(lib_a-strlen.o)
                              Core\Src\fonts.o (strlen)
c:/program files (x86)/atollic/truestudio for stm32 9.3.0/armtools/bin/../lib/gcc/arm-atollic-eabi/6.3.1/../../../../arm-atollic-eabi/lib/armv7-m\libc_nano.a(lib_a-nano-svfprintf.o)
                              c:/program files (x86)/atollic/truestudio for stm32 9.3.0/armtools/bin/../lib/gcc/arm-atollic-eabi/6.3.1/../../../../arm-atollic-eabi/lib/armv7-m\libc_nano.a(lib_a-sprintf.o) (_svfprintf_r)
c:/program files (x86)/atollic/truestudio for stm32 9.3.0/armtools/bin/../lib/gcc/arm-atollic-eabi/6.3.1/../../../../arm-atollic-eabi/lib/armv7-m\libc_nano.a(lib_a-nano-vfprintf_i.o)
                              c:/program files (x86)/atollic/truestudio for stm32 9.3.0/armtools/bin/../lib/gcc/arm-atollic-eabi/6.3.1/../../../../arm-atollic-eabi/lib/armv7-m\libc_nano.a(lib_a-nano-svfprintf.o) (_printf_i)
c:/program files (x86)/atollic/truestudio for stm32 9.3.0/armtools/bin/../lib/gcc/arm-atollic-eabi/6.3.1/../../../../arm-atollic-eabi/lib/armv7-m\libc_nano.a(lib_a-memchr-stub.o)
                              c:/program files (x86)/atollic/truestudio for stm32 9.3.0/armtools/bin/../lib/gcc/arm-atollic-eabi/6.3.1/../../../../arm-atollic-eabi/lib/armv7-m\libc_nano.a(lib_a-nano-svfprintf.o) (memchr)
c:/program files (x86)/atollic/truestudio for stm32 9.3.0/armtools/bin/../lib/gcc/arm-atollic-eabi/6.3.1/../../../../arm-atollic-eabi/lib/armv7-m\libc_nano.a(lib_a-memcpy-stub.o)
                              c:/program files (x86)/atollic/truestudio for stm32 9.3.0/armtools/bin/../lib/gcc/arm-atollic-eabi/6.3.1/../../../../arm-atollic-eabi/lib/armv7-m\libc_nano.a(lib_a-nano-svfprintf.o) (memcpy)
c:/program files (x86)/atollic/truestudio for stm32 9.3.0/armtools/bin/../lib/gcc/arm-atollic-eabi/6.3.1/../../../../arm-atollic-eabi/lib/armv7-m\libc_nano.a(lib_a-memmove.o)
                              c:/program files (x86)/atollic/truestudio for stm32 9.3.0/armtools/bin/../lib/gcc/arm-atollic-eabi/6.3.1/../../../../arm-atollic-eabi/lib/armv7-m\libc_nano.a(lib_a-nano-svfprintf.o) (memmove)
c:/program files (x86)/atollic/truestudio for stm32 9.3.0/armtools/bin/../lib/gcc/arm-atollic-eabi/6.3.1/../../../../arm-atollic-eabi/lib/armv7-m\libc_nano.a(lib_a-nano-freer.o)
                              c:/program files (x86)/atollic/truestudio for stm32 9.3.0/armtools/bin/../lib/gcc/arm-atollic-eabi/6.3.1/../../../../arm-atollic-eabi/lib/armv7-m\libc_nano.a(lib_a-nano-svfprintf.o) (_free_r)
c:/program files (x86)/atollic/truestudio for stm32 9.3.0/armtools/bin/../lib/gcc/arm-atollic-eabi/6.3.1/../../../../arm-atollic-eabi/lib/armv7-m\libc_nano.a(lib_a-nano-mallocr.o)
                              c:/program files (x86)/atollic/truestudio for stm32 9.3.0/armtools/bin/../lib/gcc/arm-atollic-eabi/6.3.1/../../../../arm-atollic-eabi/lib/armv7-m\libc_nano.a(lib_a-nano-svfprintf.o) (_malloc_r)
c:/program files (x86)/atollic/truestudio for stm32 9.3.0/armtools/bin/../lib/gcc/arm-atollic-eabi/6.3.1/../../../../arm-atollic-eabi/lib/armv7-m\libc_nano.a(lib_a-nano-reallocr.o)
                              c:/program files (x86)/atollic/truestudio for stm32 9.3.0/armtools/bin/../lib/gcc/arm-atollic-eabi/6.3.1/../../../../arm-atollic-eabi/lib/armv7-m\libc_nano.a(lib_a-nano-svfprintf.o) (_realloc_r)
[...]
Memory Configuration

Name             Origin             Length             Attributes
RAM              0x20000000         0x00005000         xrw
FLASH            0x08000000         0x00010000         xr
*default*        0x00000000         0xffffffff

Linker script and memory map

LOAD c:/program files (x86)/atollic/truestudio for stm32 9.3.0/armtools/bin/../lib/gcc/arm-atollic-eabi/6.3.1/armv7-m/crti.o
LOAD c:/program files (x86)/atollic/truestudio for stm32 9.3.0/armtools/bin/../lib/gcc/arm-atollic-eabi/6.3.1/armv7-m/crtbegin.o
LOAD Core\Src\fonts.o
LOAD Core\Src\gpio.o
LOAD Core\Src\i2c.o
LOAD Core\Src\main.o
LOAD Core\Src\ssd1306.o
LOAD Core\Src\stm32f1xx_hal_msp.o
LOAD Core\Src\stm32f1xx_it.o
LOAD Core\Src\syscalls.o
LOAD Core\Src\system_stm32f1xx.o
LOAD Core\Src\tim.o
LOAD Core\Src\usart.o
LOAD Drivers\STM32F1xx_HAL_Driver\Src\stm32f1xx_hal.o
LOAD Drivers\STM32F1xx_HAL_Driver\Src\stm32f1xx_hal_cortex.o
LOAD Drivers\STM32F1xx_HAL_Driver\Src\stm32f1xx_hal_dma.o
LOAD Drivers\STM32F1xx_HAL_Driver\Src\stm32f1xx_hal_exti.o
LOAD Drivers\STM32F1xx_HAL_Driver\Src\stm32f1xx_hal_flash.o
LOAD Drivers\STM32F1xx_HAL_Driver\Src\stm32f1xx_hal_flash_ex.o
LOAD Drivers\STM32F1xx_HAL_Driver\Src\stm32f1xx_hal_gpio.o
LOAD Drivers\STM32F1xx_HAL_Driver\Src\stm32f1xx_hal_gpio_ex.o
LOAD Drivers\STM32F1xx_HAL_Driver\Src\stm32f1xx_hal_i2c.o
LOAD Drivers\STM32F1xx_HAL_Driver\Src\stm32f1xx_hal_pwr.o
LOAD Drivers\STM32F1xx_HAL_Driver\Src\stm32f1xx_hal_rcc.o
LOAD Drivers\STM32F1xx_HAL_Driver\Src\stm32f1xx_hal_rcc_ex.o
LOAD Drivers\STM32F1xx_HAL_Driver\Src\stm32f1xx_hal_tim.o
LOAD Drivers\STM32F1xx_HAL_Driver\Src\stm32f1xx_hal_tim_ex.o
LOAD Drivers\STM32F1xx_HAL_Driver\Src\stm32f1xx_hal_uart.o
LOAD startup\startup_stm32f103xb.o
                0x00000080                malloc_getpagesize_P = 0x80
START GROUP
LOAD c:/program files (x86)/atollic/truestudio for stm32 9.3.0/armtools/bin/../lib/gcc/arm-atollic-eabi/6.3.1/../../../../arm-atollic-eabi/lib/armv7-m\libc_nano.a
LOAD c:/program files (x86)/atollic/truestudio for stm32 9.3.0/armtools/bin/../lib/gcc/arm-atollic-eabi/6.3.1/../../../../arm-atollic-eabi/lib/armv7-m\libm.a
END GROUP
START GROUP
LOAD c:/program files (x86)/atollic/truestudio for stm32 9.3.0/armtools/bin/../lib/gcc/arm-atollic-eabi/6.3.1/armv7-m\libgcc.a
LOAD c:/program files (x86)/atollic/truestudio for stm32 9.3.0/armtools/bin/../lib/gcc/arm-atollic-eabi/6.3.1/../../../../arm-atollic-eabi/lib/armv7-m\libc_nano.a
END GROUP
START GROUP
LOAD c:/program files (x86)/atollic/truestudio for stm32 9.3.0/armtools/bin/../lib/gcc/arm-atollic-eabi/6.3.1/armv7-m\libgcc.a
LOAD c:/program files (x86)/atollic/truestudio for stm32 9.3.0/armtools/bin/../lib/gcc/arm-atollic-eabi/6.3.1/../../../../arm-atollic-eabi/lib/armv7-m\libc_nano.a
LOAD c:/program files (x86)/atollic/truestudio for stm32 9.3.0/armtools/bin/../lib/gcc/arm-atollic-eabi/6.3.1/../../../../arm-atollic-eabi/lib/armv7-m\libnosys.a
END GROUP
START GROUP
LOAD c:/program files (x86)/atollic/truestudio for stm32 9.3.0/armtools/bin/../lib/gcc/arm-atollic-eabi/6.3.1/armv7-m\libgcc.a
LOAD c:/program files (x86)/atollic/truestudio for stm32 9.3.0/armtools/bin/../lib/gcc/arm-atollic-eabi/6.3.1/../../../../arm-atollic-eabi/lib/armv7-m\libc_nano.a
LOAD c:/program files (x86)/atollic/truestudio for stm32 9.3.0/armtools/bin/../lib/gcc/arm-atollic-eabi/6.3.1/../../../../arm-atollic-eabi/lib/armv7-m\libnosys.a
END GROUP
LOAD c:/program files (x86)/atollic/truestudio for stm32 9.3.0/armtools/bin/../lib/gcc/arm-atollic-eabi/6.3.1/armv7-m/crtend.o
LOAD c:/program files (x86)/atollic/truestudio for stm32 9.3.0/armtools/bin/../lib/gcc/arm-atollic-eabi/6.3.1/armv7-m/crtn.o
                0x20005000                _estack = (ORIGIN (RAM) + LENGTH (RAM))
                0x00000200                _Min_Heap_Size = 0x200
                0x00000400                _Min_Stack_Size = 0x400

.isr_vector     0x08000000      0x10c
                0x08000000                . = ALIGN (0x4)
 *(.isr_vector)
 .isr_vector    0x08000000      0x10c startup\startup_stm32f103xb.o
                0x08000000                g_pfnVectors
                0x0800010c                . = ALIGN (0x4)

.text           0x08000110     0x4e90
                0x08000110                . = ALIGN (0x4)
 *(.text)
 .text          0x08000110       0x40 c:/program files (x86)/atollic/truestudio for stm32 9.3.0/armtools/bin/../lib/gcc/arm-atollic-eabi/6.3.1/armv7-m/crtbegin.o
 .text          0x08000150      0x370 c:/program files (x86)/atollic/truestudio for stm32 9.3.0/armtools/bin/../lib/gcc/arm-atollic-eabi/6.3.1/armv7-m\libgcc.a(_arm_addsubdf3.o)
                0x08000150                __aeabi_drsub
                0x08000158                __aeabi_dsub
                0x08000158                __subdf3
                0x0800015c                __aeabi_dadd
                0x0800015c                __adddf3
                0x080003d4                __floatunsidf
                0x080003d4                __aeabi_ui2d
                0x080003f4                __floatsidf
                0x080003f4                __aeabi_i2d
                0x08000418                __aeabi_f2d
                0x08000418                __extendsfdf2
                0x08000454                __floatundidf
                0x08000454                __aeabi_ul2d
                0x08000464                __floatdidf
                0x08000464                __aeabi_l2d
 .text          0x080004c0      0x424 c:/program files (x86)/atollic/truestudio for stm32 9.3.0/armtools/bin/../lib/gcc/arm-atollic-eabi/6.3.1/armv7-m\libgcc.a(_arm_muldivdf3.o)
                0x080004c0                __aeabi_dmul
                0x080004c0                __muldf3
                0x08000714                __divdf3
                0x08000714                __aeabi_ddiv
 .text          0x080008e4       0x40 c:/program files (x86)/atollic/truestudio for stm32 9.3.0/armtools/bin/../lib/gcc/arm-atollic-eabi/6.3.1/armv7-m\libgcc.a(_arm_fixunsdfsi.o)
                0x080008e4                __aeabi_d2uiz
                0x080008e4                __fixunsdfsi
 *(.text*)
 .text.MX_GPIO_Init
                0x08000924       0xb0 Core\Src\gpio.o
                0x08000924                MX_GPIO_Init
 .text.MX_I2C1_Init
                0x080009d4       0x5c Core\Src\i2c.o
                0x080009d4                MX_I2C1_Init
 .text.HAL_I2C_MspInit
                0x08000a30       0x7c Core\Src\i2c.o
                0x08000a30                HAL_I2C_MspInit
 *fill*         0x08000aac        0x4 
 .text.main     0x08000ab0      0x1fc Core\Src\main.o
                0x08000ab0                main
 .text.SystemClock_Config
                0x08000cac       0x8a Core\Src\main.o
                0x08000cac                SystemClock_Config
 .text.HAL_UART_RxCpltCallback
                0x08000d36       0x12 Core\Src\main.o
                0x08000d36                HAL_UART_RxCpltCallback
 .text.Error_Handler
                0x08000d48        0x8 Core\Src\main.o
                0x08000d48                Error_Handler
 .text.SSD1306_Init
                0x08000d50      0x188 Core\Src\ssd1306.o
                0x08000d50                SSD1306_Init
 .text.SSD1306_UpdateScreen
                0x08000ed8       0x5c Core\Src\ssd1306.o
                0x08000ed8                SSD1306_UpdateScreen
 .text.SSD1306_Fill
                0x08000f34       0x30 Core\Src\ssd1306.o
                0x08000f34                SSD1306_Fill
 .text.SSD1306_DrawPixel
                0x08000f64       0xbc Core\Src\ssd1306.o
                0x08000f64                SSD1306_DrawPixel
 .text.SSD1306_GotoXY
                0x08001020       0x2c Core\Src\ssd1306.o
                0x08001020                SSD1306_GotoXY
 .text.SSD1306_Putc
                0x0800104c      0x100 Core\Src\ssd1306.o
                0x0800104c                SSD1306_Putc
 .text.SSD1306_Puts
                0x0800114c       0x4a Core\Src\ssd1306.o
                0x0800114c                SSD1306_Puts
 *fill*         0x08001196        0x2 
 .text.ssd1306_I2C_Init
                0x08001198       0x28 Core\Src\ssd1306.o
                0x08001198                ssd1306_I2C_Init
 .text.ssd1306_I2C_WriteMulti
                0x080011c0       0x90 Core\Src\ssd1306.o
                0x080011c0                ssd1306_I2C_WriteMulti
 .text.ssd1306_I2C_Write
                0x08001250       0x3c Core\Src\ssd1306.o
                0x08001250                ssd1306_I2C_Write
 .text.HAL_MspInit
                0x0800128c       0x64 Core\Src\stm32f1xx_hal_msp.o
                0x0800128c                HAL_MspInit
 .text.NMI_Handler
                0x080012f0        0x6 Core\Src\stm32f1xx_it.o
                0x080012f0                NMI_Handler
 .text.HardFault_Handler
                0x080012f6        0x6 Core\Src\stm32f1xx_it.o
                0x080012f6                HardFault_Handler
 .text.MemManage_Handler
                0x080012fc        0x6 Core\Src\stm32f1xx_it.o
                0x080012fc                MemManage_Handler
 .text.BusFault_Handler
                0x08001302        0x6 Core\Src\stm32f1xx_it.o
                0x08001302                BusFault_Handler
 .text.UsageFault_Handler
                0x08001308        0x6 Core\Src\stm32f1xx_it.o
                0x08001308                UsageFault_Handler
 .text.SVC_Handler
                0x0800130e        0xc Core\Src\stm32f1xx_it.o
                0x0800130e                SVC_Handler
 .text.DebugMon_Handler
                0x0800131a        0xc Core\Src\stm32f1xx_it.o
                0x0800131a                DebugMon_Handler
 .text.PendSV_Handler
                0x08001326        0xc Core\Src\stm32f1xx_it.o
                0x08001326                PendSV_Handler
 .text.SysTick_Handler
                0x08001332        0xc Core\Src\stm32f1xx_it.o
                0x08001332                SysTick_Handler
 *fill*         0x0800133e        0x2 
 .text.USART1_IRQHandler
                0x08001340       0x14 Core\Src\stm32f1xx_it.o
                0x08001340                USART1_IRQHandler
 .text._sbrk    0x08001354       0x58 Core\Src\syscalls.o
                0x08001354                _sbrk
 .text.SystemInit
                0x080013ac        0xc Core\Src\system_stm32f1xx.o
                0x080013ac                SystemInit
 .text.MX_TIM1_Init
                0x080013b8       0xa0 Core\Src\tim.o
                0x080013b8                MX_TIM1_Init
 .text.MX_TIM2_Init
                0x08001458       0xe8 Core\Src\tim.o
                0x08001458                MX_TIM2_Init
 .text.HAL_TIM_Base_MspInit
                0x08001540       0x60 Core\Src\tim.o
                0x08001540                HAL_TIM_Base_MspInit
 .text.HAL_TIM_MspPostInit
                0x080015a0       0x60 Core\Src\tim.o
                0x080015a0                HAL_TIM_MspPostInit
 .text.MX_USART1_UART_Init
                0x08001600       0x54 Core\Src\usart.o
                0x08001600                MX_USART1_UART_Init
 .text.HAL_UART_MspInit
                0x08001654       0xa8 Core\Src\usart.o
                0x08001654                HAL_UART_MspInit
 .text.HAL_Init
                0x080016fc       0x2c Drivers\STM32F1xx_HAL_Driver\Src\stm32f1xx_hal.o
                0x080016fc                HAL_Init
 .text.HAL_InitTick
                0x08001728       0x60 Drivers\STM32F1xx_HAL_Driver\Src\stm32f1xx_hal.o
                0x08001728                HAL_InitTick
 .text.HAL_IncTick
                0x08001788       0x24 Drivers\STM32F1xx_HAL_Driver\Src\stm32f1xx_hal.o
                0x08001788                HAL_IncTick
 .text.HAL_GetTick
                0x080017ac       0x14 Drivers\STM32F1xx_HAL_Driver\Src\stm32f1xx_hal.o
                0x080017ac                HAL_GetTick
 .text.HAL_Delay
                0x080017c0       0x44 Drivers\STM32F1xx_HAL_Driver\Src\stm32f1xx_hal.o
                0x080017c0                HAL_Delay
 .text.__NVIC_SetPriorityGrouping
                0x08001804       0x48 Drivers\STM32F1xx_HAL_Driver\Src\stm32f1xx_hal_cortex.o
 .text.__NVIC_GetPriorityGrouping
                0x0800184c       0x1c Drivers\STM32F1xx_HAL_Driver\Src\stm32f1xx_hal_cortex.o
 .text.__NVIC_EnableIRQ
                0x08001868       0x38 Drivers\STM32F1xx_HAL_Driver\Src\stm32f1xx_hal_cortex.o
 .text.__NVIC_SetPriority
                0x080018a0       0x54 Drivers\STM32F1xx_HAL_Driver\Src\stm32f1xx_hal_cortex.o
 .text.NVIC_EncodePriority
                0x080018f4       0x60 Drivers\STM32F1xx_HAL_Driver\Src\stm32f1xx_hal_cortex.o
 .text.SysTick_Config
                0x08001954       0x44 Drivers\STM32F1xx_HAL_Driver\Src\stm32f1xx_hal_cortex.o
 .text.HAL_NVIC_SetPriorityGrouping
                0x08001998       0x16 Drivers\STM32F1xx_HAL_Driver\Src\stm32f1xx_hal_cortex.o
                0x08001998                HAL_NVIC_SetPriorityGrouping
 .text.HAL_NVIC_SetPriority
                0x080019ae       0x38 Drivers\STM32F1xx_HAL_Driver\Src\stm32f1xx_hal_cortex.o
                0x080019ae                HAL_NVIC_SetPriority
 .text.HAL_NVIC_EnableIRQ
                0x080019e6       0x1c Drivers\STM32F1xx_HAL_Driver\Src\stm32f1xx_hal_cortex.o
                0x080019e6                HAL_NVIC_EnableIRQ
 .text.HAL_SYSTICK_Config
                0x08001a02       0x18 Drivers\STM32F1xx_HAL_Driver\Src\stm32f1xx_hal_cortex.o
                0x08001a02                HAL_SYSTICK_Config
 .text.HAL_DMA_Abort
                0x08001a1a       0x74 Drivers\STM32F1xx_HAL_Driver\Src\stm32f1xx_hal_dma.o
                0x08001a1a                HAL_DMA_Abort
 *fill*         0x08001a8e        0x2 
 .text.HAL_DMA_Abort_IT
                0x08001a90       0xf8 Drivers\STM32F1xx_HAL_Driver\Src\stm32f1xx_hal_dma.o
                0x08001a90                HAL_DMA_Abort_IT
 .text.HAL_GPIO_Init
                0x08001b88      0x2b4 Drivers\STM32F1xx_HAL_Driver\Src\stm32f1xx_hal_gpio.o
                0x08001b88                HAL_GPIO_Init
 .text.HAL_GPIO_ReadPin
                0x08001e3c       0x2e Drivers\STM32F1xx_HAL_Driver\Src\stm32f1xx_hal_gpio.o
                0x08001e3c                HAL_GPIO_ReadPin
 .text.HAL_GPIO_WritePin
                0x08001e6a       0x30 Drivers\STM32F1xx_HAL_Driver\Src\stm32f1xx_hal_gpio.o
                0x08001e6a                HAL_GPIO_WritePin
 *fill*         0x08001e9a        0x2 
 .text.HAL_I2C_Init
                0x08001e9c      0x270 Drivers\STM32F1xx_HAL_Driver\Src\stm32f1xx_hal_i2c.o
                0x08001e9c                HAL_I2C_Init
 .text.HAL_I2C_Master_Transmit
                0x0800210c      0x1fc Drivers\STM32F1xx_HAL_Driver\Src\stm32f1xx_hal_i2c.o
                0x0800210c                HAL_I2C_Master_Transmit
 .text.HAL_I2C_IsDeviceReady
                0x08002308      0x25c Drivers\STM32F1xx_HAL_Driver\Src\stm32f1xx_hal_i2c.o
                0x08002308                HAL_I2C_IsDeviceReady
 .text.I2C_MasterRequestWrite
                0x08002564      0x104 Drivers\STM32F1xx_HAL_Driver\Src\stm32f1xx_hal_i2c.o
 .text.I2C_WaitOnFlagUntilTimeout
                0x08002668       0xae Drivers\STM32F1xx_HAL_Driver\Src\stm32f1xx_hal_i2c.o
 .text.I2C_WaitOnMasterAddressFlagUntilTimeout
                0x08002716       0xfe Drivers\STM32F1xx_HAL_Driver\Src\stm32f1xx_hal_i2c.o
 .text.I2C_WaitOnTXEFlagUntilTimeout
                0x08002814       0x82 Drivers\STM32F1xx_HAL_Driver\Src\stm32f1xx_hal_i2c.o
 .text.I2C_WaitOnBTFFlagUntilTimeout
                0x08002896       0x82 Drivers\STM32F1xx_HAL_Driver\Src\stm32f1xx_hal_i2c.o
 .text.I2C_IsAcknowledgeFailed
                0x08002918       0x5c Drivers\STM32F1xx_HAL_Driver\Src\stm32f1xx_hal_i2c.o
 .text.HAL_RCC_OscConfig
                0x08002974      0x500 Drivers\STM32F1xx_HAL_Driver\Src\stm32f1xx_hal_rcc.o
                0x08002974                HAL_RCC_OscConfig
 .text.HAL_RCC_ClockConfig
                0x08002e74      0x1d4 Drivers\STM32F1xx_HAL_Driver\Src\stm32f1xx_hal_rcc.o
                0x08002e74                HAL_RCC_ClockConfig
 .text.HAL_RCC_GetSysClockFreq
                0x08003048       0xc4 Drivers\STM32F1xx_HAL_Driver\Src\stm32f1xx_hal_rcc.o
                0x08003048                HAL_RCC_GetSysClockFreq
 .text.HAL_RCC_GetHCLKFreq
                0x0800310c       0x14 Drivers\STM32F1xx_HAL_Driver\Src\stm32f1xx_hal_rcc.o
                0x0800310c                HAL_RCC_GetHCLKFreq
 .text.HAL_RCC_GetPCLK1Freq
                0x08003120       0x28 Drivers\STM32F1xx_HAL_Driver\Src\stm32f1xx_hal_rcc.o
                0x08003120                HAL_RCC_GetPCLK1Freq
 .text.HAL_RCC_GetPCLK2Freq
                0x08003148       0x28 Drivers\STM32F1xx_HAL_Driver\Src\stm32f1xx_hal_rcc.o
                0x08003148                HAL_RCC_GetPCLK2Freq
 .text.RCC_Delay
                0x08003170       0x3c Drivers\STM32F1xx_HAL_Driver\Src\stm32f1xx_hal_rcc.o
 .text.HAL_TIM_Base_Init
                0x080031ac       0x9e Drivers\STM32F1xx_HAL_Driver\Src\stm32f1xx_hal_tim.o
                0x080031ac                HAL_TIM_Base_Init
 *fill*         0x0800324a        0x2 
 .text.HAL_TIM_Base_Start
                0x0800324c       0x94 Drivers\STM32F1xx_HAL_Driver\Src\stm32f1xx_hal_tim.o
                0x0800324c                HAL_TIM_Base_Start
 .text.HAL_TIM_PWM_Init
                0x080032e0       0x9e Drivers\STM32F1xx_HAL_Driver\Src\stm32f1xx_hal_tim.o
                0x080032e0                HAL_TIM_PWM_Init
 .text.HAL_TIM_PWM_MspInit
                0x0800337e       0x12 Drivers\STM32F1xx_HAL_Driver\Src\stm32f1xx_hal_tim.o
                0x0800337e                HAL_TIM_PWM_MspInit
 .text.HAL_TIM_PWM_Start
                0x08003390      0x144 Drivers\STM32F1xx_HAL_Driver\Src\stm32f1xx_hal_tim.o
                0x08003390                HAL_TIM_PWM_Start
 .text.HAL_TIM_PWM_ConfigChannel
                0x080034d4      0x17c Drivers\STM32F1xx_HAL_Driver\Src\stm32f1xx_hal_tim.o
                0x080034d4                HAL_TIM_PWM_ConfigChannel
 .text.HAL_TIM_ConfigClockSource
                0x08003650      0x16e Drivers\STM32F1xx_HAL_Driver\Src\stm32f1xx_hal_tim.o
                0x08003650                HAL_TIM_ConfigClockSource
 *fill*         0x080037be        0x2 
 .text.TIM_Base_SetConfig
                0x080037c0       0xc4 Drivers\STM32F1xx_HAL_Driver\Src\stm32f1xx_hal_tim.o
                0x080037c0                TIM_Base_SetConfig
 .text.TIM_OC1_SetConfig
                0x08003884       0xcc Drivers\STM32F1xx_HAL_Driver\Src\stm32f1xx_hal_tim.o
 .text.TIM_OC2_SetConfig
                0x08003950       0xd4 Drivers\STM32F1xx_HAL_Driver\Src\stm32f1xx_hal_tim.o
                0x08003950                TIM_OC2_SetConfig
 .text.TIM_OC3_SetConfig
                0x08003a24       0xd4 Drivers\STM32F1xx_HAL_Driver\Src\stm32f1xx_hal_tim.o
 .text.TIM_OC4_SetConfig
                0x08003af8       0x9c Drivers\STM32F1xx_HAL_Driver\Src\stm32f1xx_hal_tim.o
 .text.TIM_TI1_ConfigInputStage
                0x08003b94       0x5c Drivers\STM32F1xx_HAL_Driver\Src\stm32f1xx_hal_tim.o
 .text.TIM_TI2_ConfigInputStage
                0x08003bf0       0x5e Drivers\STM32F1xx_HAL_Driver\Src\stm32f1xx_hal_tim.o
 .text.TIM_ITRx_SetConfig
                0x08003c4e       0x34 Drivers\STM32F1xx_HAL_Driver\Src\stm32f1xx_hal_tim.o
 .text.TIM_ETR_SetConfig
                0x08003c82       0x3e Drivers\STM32F1xx_HAL_Driver\Src\stm32f1xx_hal_tim.o
                0x08003c82                TIM_ETR_SetConfig
 .text.TIM_CCxChannelCmd
                0x08003cc0       0x48 Drivers\STM32F1xx_HAL_Driver\Src\stm32f1xx_hal_tim.o
                0x08003cc0                TIM_CCxChannelCmd
 .text.HAL_TIMEx_MasterConfigSynchronization
                0x08003d08       0xbc Drivers\STM32F1xx_HAL_Driver\Src\stm32f1xx_hal_tim_ex.o
                0x08003d08                HAL_TIMEx_MasterConfigSynchronization
 .text.HAL_UART_Init
                0x08003dc4       0x9a Drivers\STM32F1xx_HAL_Driver\Src\stm32f1xx_hal_uart.o
                0x08003dc4                HAL_UART_Init
 .text.HAL_UART_Receive_IT
                0x08003e5e       0x60 Drivers\STM32F1xx_HAL_Driver\Src\stm32f1xx_hal_uart.o
                0x08003e5e                HAL_UART_Receive_IT
 *fill*         0x08003ebe        0x2 
 .text.HAL_UART_IRQHandler
                0x08003ec0      0x358 Drivers\STM32F1xx_HAL_Driver\Src\stm32f1xx_hal_uart.o
                0x08003ec0                HAL_UART_IRQHandler
 .text.HAL_UART_TxCpltCallback
                0x08004218       0x12 Drivers\STM32F1xx_HAL_Driver\Src\stm32f1xx_hal_uart.o
                0x08004218                HAL_UART_TxCpltCallback
 .text.HAL_UART_ErrorCallback
                0x0800422a       0x12 Drivers\STM32F1xx_HAL_Driver\Src\stm32f1xx_hal_uart.o
                0x0800422a                HAL_UART_ErrorCallback
 .text.HAL_UARTEx_RxEventCallback
                0x0800423c       0x16 Drivers\STM32F1xx_HAL_Driver\Src\stm32f1xx_hal_uart.o
                0x0800423c                HAL_UARTEx_RxEventCallback
 .text.UART_Start_Receive_IT
                0x08004252       0x72 Drivers\STM32F1xx_HAL_Driver\Src\stm32f1xx_hal_uart.o
                0x08004252                UART_Start_Receive_IT
 .text.UART_EndRxTransfer
                0x080042c4       0x58 Drivers\STM32F1xx_HAL_Driver\Src\stm32f1xx_hal_uart.o
 .text.UART_DMAAbortOnError
                0x0800431c       0x28 Drivers\STM32F1xx_HAL_Driver\Src\stm32f1xx_hal_uart.o
 .text.UART_Transmit_IT
                0x08004344       0x9c Drivers\STM32F1xx_HAL_Driver\Src\stm32f1xx_hal_uart.o
 .text.UART_EndTransmit_IT
                0x080043e0       0x30 Drivers\STM32F1xx_HAL_Driver\Src\stm32f1xx_hal_uart.o
 .text.UART_Receive_IT
                0x08004410      0x152 Drivers\STM32F1xx_HAL_Driver\Src\stm32f1xx_hal_uart.o
 *fill*         0x08004562        0x2 
 .text.UART_SetConfig
                0x08004564      0x11c Drivers\STM32F1xx_HAL_Driver\Src\stm32f1xx_hal_uart.o
 .text.Reset_Handler
                0x08004680       0x48 startup\startup_stm32f103xb.o
                0x08004680                Reset_Handler
 .text.Default_Handler
                0x080046c8        0x2 startup\startup_stm32f103xb.o
                0x080046c8                RTC_Alarm_IRQHandler
                0x080046c8                EXTI2_IRQHandler
                0x080046c8                TIM1_CC_IRQHandler
                0x080046c8                PVD_IRQHandler
                0x080046c8                EXTI3_IRQHandler
                0x080046c8                EXTI0_IRQHandler
                0x080046c8                I2C2_EV_IRQHandler
                0x080046c8                ADC1_2_IRQHandler
                0x080046c8                SPI1_IRQHandler
                0x080046c8                TAMPER_IRQHandler
                0x080046c8                DMA1_Channel4_IRQHandler
                0x080046c8                USART3_IRQHandler
                0x080046c8                RTC_IRQHandler
                0x080046c8                DMA1_Channel7_IRQHandler
                0x080046c8                CAN1_RX1_IRQHandler
                0x080046c8                TIM4_IRQHandler
                0x080046c8                I2C1_EV_IRQHandler
                0x080046c8                DMA1_Channel6_IRQHandler
                0x080046c8                TIM3_IRQHandler
                0x080046c8                RCC_IRQHandler
                0x080046c8                TIM1_TRG_COM_IRQHandler
                0x080046c8                DMA1_Channel1_IRQHandler
                0x080046c8                Default_Handler
                0x080046c8                EXTI15_10_IRQHandler
                0x080046c8                EXTI9_5_IRQHandler
                0x080046c8                SPI2_IRQHandler
                0x080046c8                DMA1_Channel5_IRQHandler
                0x080046c8                EXTI4_IRQHandler
                0x080046c8                USB_LP_CAN1_RX0_IRQHandler
                0x080046c8                USB_HP_CAN1_TX_IRQHandler
                0x080046c8                DMA1_Channel3_IRQHandler
                0x080046c8                TIM1_UP_IRQHandler
                0x080046c8                WWDG_IRQHandler
                0x080046c8                TIM2_IRQHandler
                0x080046c8                TIM1_BRK_IRQHandler
                0x080046c8                EXTI1_IRQHandler
                0x080046c8                USART2_IRQHandler
                0x080046c8                I2C2_ER_IRQHandler
                0x080046c8                DMA1_Channel2_IRQHandler
                0x080046c8                CAN1_SCE_IRQHandler
                0x080046c8                FLASH_IRQHandler
                0x080046c8                I2C1_ER_IRQHandler
                0x080046c8                USBWakeUp_IRQHandler
 *fill*         0x080046ca        0x2 
 .text.__errno  0x080046cc        0xc c:/program files (x86)/atollic/truestudio for stm32 9.3.0/armtools/bin/../lib/gcc/arm-atollic-eabi/6.3.1/../../../../arm-atollic-eabi/lib/armv7-m\libc_nano.a(lib_a-errno.o)
                0x080046cc                __errno
 .text.__libc_init_array
                0x080046d8       0x48 c:/program files (x86)/atollic/truestudio for stm32 9.3.0/armtools/bin/../lib/gcc/arm-atollic-eabi/6.3.1/../../../../arm-atollic-eabi/lib/armv7-m\libc_nano.a(lib_a-init.o)
                0x080046d8                __libc_init_array
 .text.memset   0x08004720       0x10 c:/program files (x86)/atollic/truestudio for stm32 9.3.0/armtools/bin/../lib/gcc/arm-atollic-eabi/6.3.1/../../../../arm-atollic-eabi/lib/armv7-m\libc_nano.a(lib_a-memset.o)
                0x08004720                memset
 .text.sprintf  0x08004730       0x48 c:/program files (x86)/atollic/truestudio for stm32 9.3.0/armtools/bin/../lib/gcc/arm-atollic-eabi/6.3.1/../../../../arm-atollic-eabi/lib/armv7-m\libc_nano.a(lib_a-sprintf.o)
                0x08004730                siprintf
                0x08004730                sprintf
 .text.__ssputs_r
                0x08004778       0xb6 c:/program files (x86)/atollic/truestudio for stm32 9.3.0/armtools/bin/../lib/gcc/arm-atollic-eabi/6.3.1/../../../../arm-atollic-eabi/lib/armv7-m\libc_nano.a(lib_a-nano-svfprintf.o)
                0x08004778                __ssputs_r
 *fill*         0x0800482e        0x2 
 .text._svfprintf_r
                0x08004830      0x1e8 c:/program files (x86)/atollic/truestudio for stm32 9.3.0/armtools/bin/../lib/gcc/arm-atollic-eabi/6.3.1/../../../../arm-atollic-eabi/lib/armv7-m\libc_nano.a(lib_a-nano-svfprintf.o)
                0x08004830                _svfiprintf_r
                0x08004830                _svfprintf_r
 .text._printf_common
                0x08004a18       0xee c:/program files (x86)/atollic/truestudio for stm32 9.3.0/armtools/bin/../lib/gcc/arm-atollic-eabi/6.3.1/../../../../arm-atollic-eabi/lib/armv7-m\libc_nano.a(lib_a-nano-vfprintf_i.o)
                0x08004a18                _printf_common
 *fill*         0x08004b06        0x2 
 .text._printf_i
                0x08004b08      0x240 c:/program files (x86)/atollic/truestudio for stm32 9.3.0/armtools/bin/../lib/gcc/arm-atollic-eabi/6.3.1/../../../../arm-atollic-eabi/lib/armv7-m\libc_nano.a(lib_a-nano-vfprintf_i.o)
                0x08004b08                _printf_i
 .text.memchr   0x08004d48       0x1c c:/program files (x86)/atollic/truestudio for stm32 9.3.0/armtools/bin/../lib/gcc/arm-atollic-eabi/6.3.1/../../../../arm-atollic-eabi/lib/armv7-m\libc_nano.a(lib_a-memchr-stub.o)
                0x08004d48                memchr
 .text.memcpy   0x08004d64       0x16 c:/program files (x86)/atollic/truestudio for stm32 9.3.0/armtools/bin/../lib/gcc/arm-atollic-eabi/6.3.1/../../../../arm-atollic-eabi/lib/armv7-m\libc_nano.a(lib_a-memcpy-stub.o)
                0x08004d64                memcpy
 .text.memmove  0x08004d7a       0x34 c:/program files (x86)/atollic/truestudio for stm32 9.3.0/armtools/bin/../lib/gcc/arm-atollic-eabi/6.3.1/../../../../arm-atollic-eabi/lib/armv7-m\libc_nano.a(lib_a-memmove.o)
                0x08004d7a                memmove
 *fill*         0x08004dae        0x2 
 .text._free_r  0x08004db0       0x98 c:/program files (x86)/atollic/truestudio for stm32 9.3.0/armtools/bin/../lib/gcc/arm-atollic-eabi/6.3.1/../../../../arm-atollic-eabi/lib/armv7-m\libc_nano.a(lib_a-nano-freer.o)
                0x08004db0                _free_r
 .text._malloc_r
                0x08004e48       0xbc c:/program files (x86)/atollic/truestudio for stm32 9.3.0/armtools/bin/../lib/gcc/arm-atollic-eabi/6.3.1/../../../../arm-atollic-eabi/lib/armv7-m\libc_nano.a(lib_a-nano-mallocr.o)
                0x08004e48                _malloc_r
 .text._realloc_r
                0x08004f04       0x4c c:/program files (x86)/atollic/truestudio for stm32 9.3.0/armtools/bin/../lib/gcc/arm-atollic-eabi/6.3.1/../../../../arm-atollic-eabi/lib/armv7-m\libc_nano.a(lib_a-nano-reallocr.o)
                0x08004f04                _realloc_r
 .text._sbrk_r  0x08004f50       0x20 c:/program files (x86)/atollic/truestudio for stm32 9.3.0/armtools/bin/../lib/gcc/arm-atollic-eabi/6.3.1/../../../../arm-atollic-eabi/lib/armv7-m\libc_nano.a(lib_a-sbrkr.o)
                0x08004f50                _sbrk_r
 .text.__malloc_lock
                0x08004f70        0x2 c:/program files (x86)/atollic/truestudio for stm32 9.3.0/armtools/bin/../lib/gcc/arm-atollic-eabi/6.3.1/../../../../arm-atollic-eabi/lib/armv7-m\libc_nano.a(lib_a-mlock.o)
                0x08004f70                __malloc_lock
 .text.__malloc_unlock
                0x08004f72        0x2 c:/program files (x86)/atollic/truestudio for stm32 9.3.0/armtools/bin/../lib/gcc/arm-atollic-eabi/6.3.1/../../../../arm-atollic-eabi/lib/armv7-m\libc_nano.a(lib_a-mlock.o)
                0x08004f72                __malloc_unlock
 .text._malloc_usable_size_r
                0x08004f74       0x12 c:/program files (x86)/atollic/truestudio for stm32 9.3.0/armtools/bin/../lib/gcc/arm-atollic-eabi/6.3.1/../../../../arm-atollic-eabi/lib/armv7-m\libc_nano.a(lib_a-nano-msizer.o)
                0x08004f74                _malloc_usable_size_r
 *(.glue_7)
 .glue_7        0x08004f86        0x0 linker stubs
 *(.glue_7t)
 .glue_7t       0x08004f86        0x0 linker stubs
 *(.eh_frame)
 *fill*         0x08004f86        0x2 
 .eh_frame      0x08004f88        0x0 c:/program files (x86)/atollic/truestudio for stm32 9.3.0/armtools/bin/../lib/gcc/arm-atollic-eabi/6.3.1/armv7-m/crtbegin.o
 *(.init)
 .init          0x08004f88        0x4 c:/program files (x86)/atollic/truestudio for stm32 9.3.0/armtools/bin/../lib/gcc/arm-atollic-eabi/6.3.1/armv7-m/crti.o
                0x08004f88                _init
 .init          0x08004f8c        0x8 c:/program files (x86)/atollic/truestudio for stm32 9.3.0/armtools/bin/../lib/gcc/arm-atollic-eabi/6.3.1/armv7-m/crtn.o
 *(.fini)
 .fini          0x08004f94        0x4 c:/program files (x86)/atollic/truestudio for stm32 9.3.0/armtools/bin/../lib/gcc/arm-atollic-eabi/6.3.1/armv7-m/crti.o
                0x08004f94                _fini
 .fini          0x08004f98        0x8 c:/program files (x86)/atollic/truestudio for stm32 9.3.0/armtools/bin/../lib/gcc/arm-atollic-eabi/6.3.1/armv7-m/crtn.o
                0x08004fa0                . = ALIGN (0x4)
                0x08004fa0                _etext = .

.vfp11_veneer   0x08004fa0        0x0
 .vfp11_veneer  0x08004fa0        0x0 linker stubs

.v4_bx          0x08004fa0        0x0
 .v4_bx         0x08004fa0        0x0 linker stubs

.iplt           0x08004fa0        0x0
 .iplt          0x08004fa0        0x0 c:/program files (x86)/atollic/truestudio for stm32 9.3.0/armtools/bin/../lib/gcc/arm-atollic-eabi/6.3.1/armv7-m/crtbegin.o

.rodata         0x08004fa0     0x212c
                0x08004fa0                . = ALIGN (0x4)
 *(.rodata)
 .rodata        0x08004fa0       0x23 Core\Src\main.o
 *fill*         0x08004fc3        0x1 
 .rodata        0x08004fc4       0x12 Drivers\STM32F1xx_HAL_Driver\Src\stm32f1xx_hal_rcc.o
 *(.rodata*)
 *fill*         0x08004fd6        0x2 
 .rodata.Font11x18
                0x08004fd8      0xd5c Core\Src\fonts.o
                0x08004fd8                Font11x18
 .rodata.Font16x26
                0x08005d34     0x134c Core\Src\fonts.o
                0x08005d34                Font16x26
 .rodata.AHBPrescTable
                0x08007080       0x10 Core\Src\system_stm32f1xx.o
                0x08007080                AHBPrescTable
 .rodata.APBPrescTable
                0x08007090        0x8 Core\Src\system_stm32f1xx.o
                0x08007090                APBPrescTable
 .rodata._svfprintf_r.str1.1
                0x08007098       0x11 c:/program files (x86)/atollic/truestudio for stm32 9.3.0/armtools/bin/../lib/gcc/arm-atollic-eabi/6.3.1/../../../../arm-atollic-eabi/lib/armv7-m\libc_nano.a(lib_a-nano-svfprintf.o)
 .rodata._printf_i.str1.1
                0x080070a9       0x22 c:/program files (x86)/atollic/truestudio for stm32 9.3.0/armtools/bin/../lib/gcc/arm-atollic-eabi/6.3.1/../../../../arm-atollic-eabi/lib/armv7-m\libc_nano.a(lib_a-nano-vfprintf_i.o)
                0x080070cc                . = ALIGN (0x4)
 *fill*         0x080070cb        0x1 

.rel.dyn        0x080070cc        0x0
 .rel.iplt      0x080070cc        0x0 c:/program files (x86)/atollic/truestudio for stm32 9.3.0/armtools/bin/../lib/gcc/arm-atollic-eabi/6.3.1/armv7-m/crtbegin.o

.ARM.extab
 *(.ARM.extab* .gnu.linkonce.armextab.*)

.ARM            0x080070cc        0x0
                0x080070cc                __exidx_start = .
 *(.ARM.exidx*)
                0x080070cc                __exidx_end = .

.preinit_array  0x080070cc        0x0
                0x080070cc                PROVIDE (__preinit_array_start, .)
 *(.preinit_array*)
                0x080070cc                PROVIDE (__preinit_array_end, .)

.init_array     0x080070cc        0x4
                0x080070cc                PROVIDE (__init_array_start, .)
 *(SORT(.init_array.*))
 *(.init_array*)
 .init_array    0x080070cc        0x4 c:/program files (x86)/atollic/truestudio for stm32 9.3.0/armtools/bin/../lib/gcc/arm-atollic-eabi/6.3.1/armv7-m/crtbegin.o
                0x080070d0                PROVIDE (__init_array_end, .)

.fini_array     0x080070d0        0x4
                [!provide]                PROVIDE (__fini_array_start, .)
 *(SORT(.fini_array.*))
 *(.fini_array*)
 .fini_array    0x080070d0        0x4 c:/program files (x86)/atollic/truestudio for stm32 9.3.0/armtools/bin/../lib/gcc/arm-atollic-eabi/6.3.1/armv7-m/crtbegin.o
                [!provide]                PROVIDE (__fini_array_end, .)
                0x080070d4                _sidata = LOADADDR (.data)

.data           0x20000000       0x80 load address 0x080070d4
                0x20000000                . = ALIGN (0x4)
                0x20000000                _sdata = .
 *(.data)
 *(.data*)
 .data.Font_11x18
                0x20000000        0x8 Core\Src\fonts.o
                0x20000000                Font_11x18
 .data.Font_16x26
                0x20000008        0x8 Core\Src\fonts.o
                0x20000008                Font_16x26
 .data.SystemCoreClock
                0x20000010        0x4 Core\Src\system_stm32f1xx.o
                0x20000010                SystemCoreClock
 .data.uwTickPrio
                0x20000014        0x4 Drivers\STM32F1xx_HAL_Driver\Src\stm32f1xx_hal.o
                0x20000014                uwTickPrio
 .data.uwTickFreq
                0x20000018        0x1 Drivers\STM32F1xx_HAL_Driver\Src\stm32f1xx_hal.o
                0x20000018                uwTickFreq
 *fill*         0x20000019        0x3 
 .data._impure_ptr
                0x2000001c        0x4 c:/program files (x86)/atollic/truestudio for stm32 9.3.0/armtools/bin/../lib/gcc/arm-atollic-eabi/6.3.1/../../../../arm-atollic-eabi/lib/armv7-m\libc_nano.a(lib_a-impure.o)
                0x2000001c                _impure_ptr
 .data.impure_data
                0x20000020       0x60 c:/program files (x86)/atollic/truestudio for stm32 9.3.0/armtools/bin/../lib/gcc/arm-atollic-eabi/6.3.1/../../../../arm-atollic-eabi/lib/armv7-m\libc_nano.a(lib_a-impure.o)
                0x20000080                . = ALIGN (0x4)
                0x20000080                _edata = .

.igot.plt       0x20000080        0x0 load address 0x08007154
 .igot.plt      0x20000080        0x0 c:/program files (x86)/atollic/truestudio for stm32 9.3.0/armtools/bin/../lib/gcc/arm-atollic-eabi/6.3.1/armv7-m/crtbegin.o
                0x20000080                . = ALIGN (0x4)

.bss            0x20000080      0x57c load address 0x08007154
                0x20000080                _sbss = .
                0x20000080                __bss_start__ = _sbss
 *(.bss)
 .bss           0x20000080       0x1c c:/program files (x86)/atollic/truestudio for stm32 9.3.0/armtools/bin/../lib/gcc/arm-atollic-eabi/6.3.1/armv7-m/crtbegin.o
 *(.bss*)
 .bss.Value1    0x2000009c        0x4 Core\Src\main.o
                0x2000009c                Value1
 .bss.Value2    0x200000a0        0x4 Core\Src\main.o
                0x200000a0                Value2
 .bss.SSD1306_Buffer
                0x200000a4      0x400 Core\Src\ssd1306.o
 .bss.SSD1306   0x200004a4        0x6 Core\Src\ssd1306.o
 *fill*         0x200004aa        0x2 
 .bss.heap_end.5887
                0x200004ac        0x4 Core\Src\syscalls.o
 .bss.__malloc_free_list
                0x200004b0        0x4 c:/program files (x86)/atollic/truestudio for stm32 9.3.0/armtools/bin/../lib/gcc/arm-atollic-eabi/6.3.1/../../../../arm-atollic-eabi/lib/armv7-m\libc_nano.a(lib_a-nano-mallocr.o)
                0x200004b0                __malloc_free_list
 .bss.__malloc_sbrk_start
                0x200004b4        0x4 c:/program files (x86)/atollic/truestudio for stm32 9.3.0/armtools/bin/../lib/gcc/arm-atollic-eabi/6.3.1/../../../../arm-atollic-eabi/lib/armv7-m\libc_nano.a(lib_a-nano-mallocr.o)
                0x200004b4                __malloc_sbrk_start
 *(COMMON)
 COMMON         0x200004b8       0x54 Core\Src\i2c.o
                0x200004b8                hi2c1
 COMMON         0x2000050c       0x13 Core\Src\main.o
                0x2000050c                pMillis
                0x20000510                strCopy
 *fill*         0x2000051f        0x1 
 COMMON         0x20000520       0x90 Core\Src\tim.o
                0x20000520                htim1
                0x20000568                htim2
 COMMON         0x200005b0       0x44 Core\Src\usart.o
                0x200005b0                huart1
 COMMON         0x200005f4        0x4 Drivers\STM32F1xx_HAL_Driver\Src\stm32f1xx_hal.o
                0x200005f4                uwTick
 COMMON         0x200005f8        0x4 c:/program files (x86)/atollic/truestudio for stm32 9.3.0/armtools/bin/../lib/gcc/arm-atollic-eabi/6.3.1/../../../../arm-atollic-eabi/lib/armv7-m\libc_nano.a(lib_a-reent.o)
                0x200005f8                errno
                0x200005fc                . = ALIGN (0x4)
                0x200005fc                _ebss = .
                0x200005fc                __bss_end__ = _ebss

._user_heap_stack
                0x200005fc      0x600 load address 0x08007154
                0x200005fc                . = ALIGN (0x4)
                0x200005fc                PROVIDE (end, .)
                [!provide]                PROVIDE (_end, .)
                0x200007fc                . = (. + _Min_Heap_Size)
 *fill*         0x200005fc      0x200 
                0x20000bfc                . = (. + _Min_Stack_Size)
 *fill*         0x200007fc      0x400 
                0x20000bfc                . = ALIGN (0x4)

/DISCARD/
 libc.a(*)
 libm.a(*)
 libgcc.a(*)

.ARM.attributes
                0x00000000       0x29
 *(.ARM.attributes)
 .ARM.attributes
                0x00000000       0x1d c:/program files (x86)/atollic/truestudio for stm32 9.3.0/armtools/bin/../lib/gcc/arm-atollic-eabi/6.3.1/armv7-m/crti.o
 .ARM.attributes
                0x0000001d       0x2d c:/program files (x86)/atollic/truestudio for stm32 9.3.0/armtools/bin/../lib/gcc/arm-atollic-eabi/6.3.1/armv7-m/crtbegin.o
 .ARM.attributes
                0x0000004a       0x33 Core\Src\fonts.o
 .ARM.attributes
                0x0000007d       0x33 Core\Src\gpio.o
 .ARM.attributes
                0x000000b0       0x33 Core\Src\i2c.o
 .ARM.attributes
                0x000000e3       0x33 Core\Src\main.o
 .ARM.attributes
                0x00000116       0x33 Core\Src\ssd1306.o
 .ARM.attributes
                0x00000149       0x33 Core\Src\stm32f1xx_hal_msp.o
 .ARM.attributes
                0x0000017c       0x33 Core\Src\stm32f1xx_it.o
 .ARM.attributes
                0x000001af       0x33 Core\Src\syscalls.o
 .ARM.attributes
                0x000001e2       0x33 Core\Src\system_stm32f1xx.o
 .ARM.attributes
                0x00000215       0x33 Core\Src\tim.o
 .ARM.attributes
                0x00000248       0x33 Core\Src\usart.o
 .ARM.attributes
                0x0000027b       0x33 Drivers\STM32F1xx_HAL_Driver\Src\stm32f1xx_hal.o
 .ARM.attributes
                0x000002ae       0x33 Drivers\STM32F1xx_HAL_Driver\Src\stm32f1xx_hal_cortex.o
 .ARM.attributes
                0x000002e1       0x33 Drivers\STM32F1xx_HAL_Driver\Src\stm32f1xx_hal_dma.o
 .ARM.attributes
                0x00000314       0x33 Drivers\STM32F1xx_HAL_Driver\Src\stm32f1xx_hal_gpio.o
 .ARM.attributes
                0x00000347       0x33 Drivers\STM32F1xx_HAL_Driver\Src\stm32f1xx_hal_i2c.o
 .ARM.attributes
                0x0000037a       0x33 Drivers\STM32F1xx_HAL_Driver\Src\stm32f1xx_hal_rcc.o
 .ARM.attributes
                0x000003ad       0x33 Drivers\STM32F1xx_HAL_Driver\Src\stm32f1xx_hal_tim.o
 .ARM.attributes
                0x000003e0       0x33 Drivers\STM32F1xx_HAL_Driver\Src\stm32f1xx_hal_tim_ex.o
 .ARM.attributes
                0x00000413       0x33 Drivers\STM32F1xx_HAL_Driver\Src\stm32f1xx_hal_uart.o
 .ARM.attributes
                0x00000446       0x21 startup\startup_stm32f103xb.o
 .ARM.attributes
                0x00000467       0x2d c:/program files (x86)/atollic/truestudio for stm32 9.3.0/armtools/bin/../lib/gcc/arm-atollic-eabi/6.3.1/../../../../arm-atollic-eabi/lib/armv7-m\libc_nano.a(lib_a-errno.o)
 .ARM.attributes
                0x00000494       0x2d c:/program files (x86)/atollic/truestudio for stm32 9.3.0/armtools/bin/../lib/gcc/arm-atollic-eabi/6.3.1/../../../../arm-atollic-eabi/lib/armv7-m\libc_nano.a(lib_a-impure.o)
 .ARM.attributes
                0x000004c1       0x2d c:/program files (x86)/atollic/truestudio for stm32 9.3.0/armtools/bin/../lib/gcc/arm-atollic-eabi/6.3.1/../../../../arm-atollic-eabi/lib/armv7-m\libc_nano.a(lib_a-init.o)
 .ARM.attributes
                0x000004ee       0x2d c:/program files (x86)/atollic/truestudio for stm32 9.3.0/armtools/bin/../lib/gcc/arm-atollic-eabi/6.3.1/../../../../arm-atollic-eabi/lib/armv7-m\libc_nano.a(lib_a-memset.o)
 .ARM.attributes
                0x0000051b       0x2d c:/program files (x86)/atollic/truestudio for stm32 9.3.0/armtools/bin/../lib/gcc/arm-atollic-eabi/6.3.1/../../../../arm-atollic-eabi/lib/armv7-m\libc_nano.a(lib_a-sprintf.o)
 .ARM.attributes
                0x00000548       0x2d c:/program files (x86)/atollic/truestudio for stm32 9.3.0/armtools/bin/../lib/gcc/arm-atollic-eabi/6.3.1/../../../../arm-atollic-eabi/lib/armv7-m\libc_nano.a(lib_a-nano-svfprintf.o)
 .ARM.attributes
                0x00000575       0x2d c:/program files (x86)/atollic/truestudio for stm32 9.3.0/armtools/bin/../lib/gcc/arm-atollic-eabi/6.3.1/../../../../arm-atollic-eabi/lib/armv7-m\libc_nano.a(lib_a-nano-vfprintf_i.o)
 .ARM.attributes
                0x000005a2       0x2d c:/program files (x86)/atollic/truestudio for stm32 9.3.0/armtools/bin/../lib/gcc/arm-atollic-eabi/6.3.1/../../../../arm-atollic-eabi/lib/armv7-m\libc_nano.a(lib_a-memchr-stub.o)
 .ARM.attributes
                0x000005cf       0x2d c:/program files (x86)/atollic/truestudio for stm32 9.3.0/armtools/bin/../lib/gcc/arm-atollic-eabi/6.3.1/../../../../arm-atollic-eabi/lib/armv7-m\libc_nano.a(lib_a-memcpy-stub.o)
 .ARM.attributes
                0x000005fc       0x2d c:/program files (x86)/atollic/truestudio for stm32 9.3.0/armtools/bin/../lib/gcc/arm-atollic-eabi/6.3.1/../../../../arm-atollic-eabi/lib/armv7-m\libc_nano.a(lib_a-memmove.o)
 .ARM.attributes
                0x00000629       0x2d c:/program files (x86)/atollic/truestudio for stm32 9.3.0/armtools/bin/../lib/gcc/arm-atollic-eabi/6.3.1/../../../../arm-atollic-eabi/lib/armv7-m\libc_nano.a(lib_a-nano-freer.o)
 .ARM.attributes
                0x00000656       0x2d c:/program files (x86)/atollic/truestudio for stm32 9.3.0/armtools/bin/../lib/gcc/arm-atollic-eabi/6.3.1/../../../../arm-atollic-eabi/lib/armv7-m\libc_nano.a(lib_a-nano-mallocr.o)
 .ARM.attributes
                0x00000683       0x2d c:/program files (x86)/atollic/truestudio for stm32 9.3.0/armtools/bin/../lib/gcc/arm-atollic-eabi/6.3.1/../../../../arm-atollic-eabi/lib/armv7-m\libc_nano.a(lib_a-nano-reallocr.o)
 .ARM.attributes
                0x000006b0       0x2d c:/program files (x86)/atollic/truestudio for stm32 9.3.0/armtools/bin/../lib/gcc/arm-atollic-eabi/6.3.1/../../../../arm-atollic-eabi/lib/armv7-m\libc_nano.a(lib_a-sbrkr.o)
 .ARM.attributes
                0x000006dd       0x2d c:/program files (x86)/atollic/truestudio for stm32 9.3.0/armtools/bin/../lib/gcc/arm-atollic-eabi/6.3.1/../../../../arm-atollic-eabi/lib/armv7-m\libc_nano.a(lib_a-mlock.o)
 .ARM.attributes
                0x0000070a       0x2d c:/program files (x86)/atollic/truestudio for stm32 9.3.0/armtools/bin/../lib/gcc/arm-atollic-eabi/6.3.1/../../../../arm-atollic-eabi/lib/armv7-m\libc_nano.a(lib_a-nano-msizer.o)
 .ARM.attributes
                0x00000737       0x2d c:/program files (x86)/atollic/truestudio for stm32 9.3.0/armtools/bin/../lib/gcc/arm-atollic-eabi/6.3.1/../../../../arm-atollic-eabi/lib/armv7-m\libc_nano.a(lib_a-reent.o)
 .ARM.attributes
                0x00000764       0x1d c:/program files (x86)/atollic/truestudio for stm32 9.3.0/armtools/bin/../lib/gcc/arm-atollic-eabi/6.3.1/armv7-m\libgcc.a(_arm_addsubdf3.o)
 .ARM.attributes
                0x00000781       0x1d c:/program files (x86)/atollic/truestudio for stm32 9.3.0/armtools/bin/../lib/gcc/arm-atollic-eabi/6.3.1/armv7-m\libgcc.a(_arm_muldivdf3.o)
 .ARM.attributes
                0x0000079e       0x1d c:/program files (x86)/atollic/truestudio for stm32 9.3.0/armtools/bin/../lib/gcc/arm-atollic-eabi/6.3.1/armv7-m\libgcc.a(_arm_fixunsdfsi.o)
 .ARM.attributes
                0x000007bb       0x1d c:/program files (x86)/atollic/truestudio for stm32 9.3.0/armtools/bin/../lib/gcc/arm-atollic-eabi/6.3.1/armv7-m/crtn.o
OUTPUT(CBNU_Opensource_2022.elf elf32-littlearm)

.debug_info     0x00000000    0x1137d
 .debug_info    0x00000000      0xb1e Core\Src\fonts.o
 .debug_info    0x00000b1e      0x35e Core\Src\gpio.o
 .debug_info    0x00000e7c      0x83f Core\Src\i2c.o
 .debug_info    0x000016bb     0x16da Core\Src\main.o
 .debug_info    0x00002d95     0x187c Core\Src\ssd1306.o
 .debug_info    0x00004611      0x2d8 Core\Src\stm32f1xx_hal_msp.o
 .debug_info    0x000048e9      0x658 Core\Src\stm32f1xx_it.o
 .debug_info    0x00004f41      0xf16 Core\Src\syscalls.o
 .debug_info    0x00005e57      0x29b Core\Src\system_stm32f1xx.o
 .debug_info    0x000060f2      0xa53 Core\Src\tim.o
 .debug_info    0x00006b45      0x912 Core\Src\usart.o
 .debug_info    0x00007457      0x714 Drivers\STM32F1xx_HAL_Driver\Src\stm32f1xx_hal.o
 .debug_info    0x00007b6b      0xb52 Drivers\STM32F1xx_HAL_Driver\Src\stm32f1xx_hal_cortex.o
 .debug_info    0x000086bd      0x7ad Drivers\STM32F1xx_HAL_Driver\Src\stm32f1xx_hal_dma.o
 .debug_info    0x00008e6a      0x69b Drivers\STM32F1xx_HAL_Driver\Src\stm32f1xx_hal_gpio.o
 .debug_info    0x00009505     0x256a Drivers\STM32F1xx_HAL_Driver\Src\stm32f1xx_hal_i2c.o
 .debug_info    0x0000ba6f      0x80e Drivers\STM32F1xx_HAL_Driver\Src\stm32f1xx_hal_rcc.o
 .debug_info    0x0000c27d     0x27ea Drivers\STM32F1xx_HAL_Driver\Src\stm32f1xx_hal_tim.o
 .debug_info    0x0000ea67     0x13a5 Drivers\STM32F1xx_HAL_Driver\Src\stm32f1xx_hal_tim_ex.o
 .debug_info    0x0000fe0c     0x14e9 Drivers\STM32F1xx_HAL_Driver\Src\stm32f1xx_hal_uart.o
 .debug_info    0x000112f5       0x88 startup\startup_stm32f103xb.o

.debug_abbrev   0x00000000     0x26cf
 .debug_abbrev  0x00000000      0x1d9 Core\Src\fonts.o
 .debug_abbrev  0x000001d9      0x12f Core\Src\gpio.o
 .debug_abbrev  0x00000308      0x194 Core\Src\i2c.o
 .debug_abbrev  0x0000049c      0x249 Core\Src\main.o
 .debug_abbrev  0x000006e5      0x30f Core\Src\ssd1306.o
 .debug_abbrev  0x000009f4      0x104 Core\Src\stm32f1xx_hal_msp.o
 .debug_abbrev  0x00000af8      0x144 Core\Src\stm32f1xx_it.o
 .debug_abbrev  0x00000c3c      0x271 Core\Src\syscalls.o
 .debug_abbrev  0x00000ead      0x12f Core\Src\system_stm32f1xx.o
 .debug_abbrev  0x00000fdc      0x1bd Core\Src\tim.o
 .debug_abbrev  0x00001199      0x19d Core\Src\usart.o
 .debug_abbrev  0x00001336      0x1c2 Drivers\STM32F1xx_HAL_Driver\Src\stm32f1xx_hal.o
 .debug_abbrev  0x000014f8      0x2d0 Drivers\STM32F1xx_HAL_Driver\Src\stm32f1xx_hal_cortex.o
 .debug_abbrev  0x000017c8      0x1f9 Drivers\STM32F1xx_HAL_Driver\Src\stm32f1xx_hal_dma.o
 .debug_abbrev  0x000019c1      0x1bb Drivers\STM32F1xx_HAL_Driver\Src\stm32f1xx_hal_gpio.o
 .debug_abbrev  0x00001b7c      0x253 Drivers\STM32F1xx_HAL_Driver\Src\stm32f1xx_hal_i2c.o
 .debug_abbrev  0x00001dcf      0x23e Drivers\STM32F1xx_HAL_Driver\Src\stm32f1xx_hal_rcc.o
 .debug_abbrev  0x0000200d      0x229 Drivers\STM32F1xx_HAL_Driver\Src\stm32f1xx_hal_tim.o
 .debug_abbrev  0x00002236      0x22f Drivers\STM32F1xx_HAL_Driver\Src\stm32f1xx_hal_tim_ex.o
 .debug_abbrev  0x00002465      0x258 Drivers\STM32F1xx_HAL_Driver\Src\stm32f1xx_hal_uart.o
 .debug_abbrev  0x000026bd       0x12 startup\startup_stm32f103xb.o

.debug_aranges  0x00000000     0x10b8
 .debug_aranges
                0x00000000       0x20 Core\Src\fonts.o
 .debug_aranges
                0x00000020       0x20 Core\Src\gpio.o
 .debug_aranges
                0x00000040       0x30 Core\Src\i2c.o
 .debug_aranges
                0x00000070       0x38 Core\Src\main.o
 .debug_aranges
                0x000000a8       0xf8 Core\Src\ssd1306.o
 .debug_aranges
                0x000001a0       0x20 Core\Src\stm32f1xx_hal_msp.o
 .debug_aranges
                0x000001c0       0x68 Core\Src\stm32f1xx_it.o
 .debug_aranges
                0x00000228       0xb0 Core\Src\syscalls.o
 .debug_aranges
                0x000002d8       0x28 Core\Src\system_stm32f1xx.o
 .debug_aranges
                0x00000300       0x40 Core\Src\tim.o
 .debug_aranges
                0x00000340       0x30 Core\Src\usart.o
 .debug_aranges
                0x00000370       0xe0 Drivers\STM32F1xx_HAL_Driver\Src\stm32f1xx_hal.o
 .debug_aranges
                0x00000450      0x100 Drivers\STM32F1xx_HAL_Driver\Src\stm32f1xx_hal_cortex.o
 .debug_aranges
                0x00000550       0x80 Drivers\STM32F1xx_HAL_Driver\Src\stm32f1xx_hal_dma.o
 .debug_aranges
                0x000005d0       0x58 Drivers\STM32F1xx_HAL_Driver\Src\stm32f1xx_hal_gpio.o
 .debug_aranges
                0x00000628      0x2a0 Drivers\STM32F1xx_HAL_Driver\Src\stm32f1xx_hal_i2c.o
 .debug_aranges
                0x000008c8       0x90 Drivers\STM32F1xx_HAL_Driver\Src\stm32f1xx_hal_rcc.o
 .debug_aranges
                0x00000958      0x3d0 Drivers\STM32F1xx_HAL_Driver\Src\stm32f1xx_hal_tim.o
 .debug_aranges
                0x00000d28      0x168 Drivers\STM32F1xx_HAL_Driver\Src\stm32f1xx_hal_tim_ex.o
 .debug_aranges
                0x00000e90      0x200 Drivers\STM32F1xx_HAL_Driver\Src\stm32f1xx_hal_uart.o
 .debug_aranges
                0x00001090       0x28 startup\startup_stm32f103xb.o

.debug_ranges   0x00000000      0xfc8
 .debug_ranges  0x00000000       0x10 Core\Src\fonts.o
 .debug_ranges  0x00000010       0x10 Core\Src\gpio.o
 .debug_ranges  0x00000020       0x20 Core\Src\i2c.o
 .debug_ranges  0x00000040       0x28 Core\Src\main.o
 .debug_ranges  0x00000068       0xe8 Core\Src\ssd1306.o
 .debug_ranges  0x00000150       0x10 Core\Src\stm32f1xx_hal_msp.o
 .debug_ranges  0x00000160       0x58 Core\Src\stm32f1xx_it.o
 .debug_ranges  0x000001b8       0xa0 Core\Src\syscalls.o
 .debug_ranges  0x00000258       0x18 Core\Src\system_stm32f1xx.o
 .debug_ranges  0x00000270       0x30 Core\Src\tim.o
 .debug_ranges  0x000002a0       0x20 Core\Src\usart.o
 .debug_ranges  0x000002c0       0xd0 Drivers\STM32F1xx_HAL_Driver\Src\stm32f1xx_hal.o
 .debug_ranges  0x00000390       0xf0 Drivers\STM32F1xx_HAL_Driver\Src\stm32f1xx_hal_cortex.o
 .debug_ranges  0x00000480       0x70 Drivers\STM32F1xx_HAL_Driver\Src\stm32f1xx_hal_dma.o
 .debug_ranges  0x000004f0       0x48 Drivers\STM32F1xx_HAL_Driver\Src\stm32f1xx_hal_gpio.o
 .debug_ranges  0x00000538      0x2b8 Drivers\STM32F1xx_HAL_Driver\Src\stm32f1xx_hal_i2c.o
 .debug_ranges  0x000007f0       0x80 Drivers\STM32F1xx_HAL_Driver\Src\stm32f1xx_hal_rcc.o
 .debug_ranges  0x00000870      0x3c0 Drivers\STM32F1xx_HAL_Driver\Src\stm32f1xx_hal_tim.o
 .debug_ranges  0x00000c30      0x158 Drivers\STM32F1xx_HAL_Driver\Src\stm32f1xx_hal_tim_ex.o
 .debug_ranges  0x00000d88      0x220 Drivers\STM32F1xx_HAL_Driver\Src\stm32f1xx_hal_uart.o
 .debug_ranges  0x00000fa8       0x20 startup\startup_stm32f103xb.o

.debug_line     0x00000000     0x8986
 .debug_line    0x00000000      0x27c Core\Src\fonts.o
 .debug_line    0x0000027c      0x200 Core\Src\gpio.o
 .debug_line    0x0000047c      0x285 Core\Src\i2c.o
 .debug_line    0x00000701      0x48e Core\Src\main.o
 .debug_line    0x00000b8f      0x7be Core\Src\ssd1306.o
 .debug_line    0x0000134d      0x1ea Core\Src\stm32f1xx_hal_msp.o
 .debug_line    0x00001537      0x2d8 Core\Src\stm32f1xx_it.o
 .debug_line    0x0000180f      0x3dd Core\Src\syscalls.o
 .debug_line    0x00001bec      0x22b Core\Src\system_stm32f1xx.o
 .debug_line    0x00001e17      0x2d5 Core\Src\tim.o
 .debug_line    0x000020ec      0x28f Core\Src\usart.o
 .debug_line    0x0000237b      0x3e6 Drivers\STM32F1xx_HAL_Driver\Src\stm32f1xx_hal.o
 .debug_line    0x00002761      0x4b6 Drivers\STM32F1xx_HAL_Driver\Src\stm32f1xx_hal_cortex.o
 .debug_line    0x00002c17      0x671 Drivers\STM32F1xx_HAL_Driver\Src\stm32f1xx_hal_dma.o
 .debug_line    0x00003288      0x3fa Drivers\STM32F1xx_HAL_Driver\Src\stm32f1xx_hal_gpio.o
 .debug_line    0x00003682     0x1844 Drivers\STM32F1xx_HAL_Driver\Src\stm32f1xx_hal_i2c.o
 .debug_line    0x00004ec6      0x4fe Drivers\STM32F1xx_HAL_Driver\Src\stm32f1xx_hal_rcc.o
 .debug_line    0x000053c4     0x1b7c Drivers\STM32F1xx_HAL_Driver\Src\stm32f1xx_hal_tim.o
 .debug_line    0x00006f40      0xd32 Drivers\STM32F1xx_HAL_Driver\Src\stm32f1xx_hal_tim_ex.o
 .debug_line    0x00007c72      0xc94 Drivers\STM32F1xx_HAL_Driver\Src\stm32f1xx_hal_uart.o
 .debug_line    0x00008906       0x80 startup\startup_stm32f103xb.o

.debug_str      0x00000000     0x4b40
 .debug_str     0x00000000      0x695 Core\Src\fonts.o
                                0x757 (size before relaxing)
 .debug_str     0x00000695       0xbf Core\Src\gpio.o
                                0x34c (size before relaxing)
 .debug_str     0x00000754      0x479 Core\Src\i2c.o
                                0x7d8 (size before relaxing)
 .debug_str     0x00000bcd      0x616 Core\Src\main.o
                               0x1200 (size before relaxing)
 .debug_str     0x000011e3      0x329 Core\Src\ssd1306.o
                                0xeb7 (size before relaxing)
 .debug_str     0x0000150c       0x5a Core\Src\stm32f1xx_hal_msp.o
                                0x30e (size before relaxing)
 .debug_str     0x00001566       0xbd Core\Src\stm32f1xx_it.o
                                0x6f2 (size before relaxing)
 .debug_str     0x00001623      0x22f Core\Src\syscalls.o
                                0x846 (size before relaxing)
 .debug_str     0x00001852       0x52 Core\Src\system_stm32f1xx.o
                                0x305 (size before relaxing)
 .debug_str     0x000018a4      0x187 Core\Src\tim.o
                                0x984 (size before relaxing)
 .debug_str     0x00001a2b      0x32c Core\Src\usart.o
                                0xa10 (size before relaxing)
 .debug_str     0x00001d57      0x26d Drivers\STM32F1xx_HAL_Driver\Src\stm32f1xx_hal.o
                                0x83d (size before relaxing)
 .debug_str     0x00001fc4      0x400 Drivers\STM32F1xx_HAL_Driver\Src\stm32f1xx_hal_cortex.o
                                0x99e (size before relaxing)
 .debug_str     0x000023c4      0x23f Drivers\STM32F1xx_HAL_Driver\Src\stm32f1xx_hal_dma.o
                                0x6e0 (size before relaxing)
 .debug_str     0x00002603      0x145 Drivers\STM32F1xx_HAL_Driver\Src\stm32f1xx_hal_gpio.o
                                0x4ef (size before relaxing)
 .debug_str     0x00002748      0x8b4 Drivers\STM32F1xx_HAL_Driver\Src\stm32f1xx_hal_i2c.o
                               0x1031 (size before relaxing)
 .debug_str     0x00002ffc      0x20f Drivers\STM32F1xx_HAL_Driver\Src\stm32f1xx_hal_rcc.o
                                0x6aa (size before relaxing)
 .debug_str     0x0000320b      0xdf4 Drivers\STM32F1xx_HAL_Driver\Src\stm32f1xx_hal_tim.o
                               0x16d4 (size before relaxing)
 .debug_str     0x00003fff      0x57b Drivers\STM32F1xx_HAL_Driver\Src\stm32f1xx_hal_tim_ex.o
                                0xe85 (size before relaxing)
 .debug_str     0x0000457a      0x5c6 Drivers\STM32F1xx_HAL_Driver\Src\stm32f1xx_hal_uart.o
                                0xcf4 (size before relaxing)

.comment        0x00000000       0x7c
 .comment       0x00000000       0x7c Core\Src\fonts.o
                                 0x7d (size before relaxing)
 .comment       0x0000007c       0x7d Core\Src\gpio.o
 .comment       0x0000007c       0x7d Core\Src\i2c.o
 .comment       0x0000007c       0x7d Core\Src\main.o
 .comment       0x0000007c       0x7d Core\Src\ssd1306.o
 .comment       0x0000007c       0x7d Core\Src\stm32f1xx_hal_msp.o
 .comment       0x0000007c       0x7d Core\Src\stm32f1xx_it.o
 .comment       0x0000007c       0x7d Core\Src\syscalls.o
 .comment       0x0000007c       0x7d Core\Src\system_stm32f1xx.o
 .comment       0x0000007c       0x7d Core\Src\tim.o
 .comment       0x0000007c       0x7d Core\Src\usart.o
 .comment       0x0000007c       0x7d Drivers\STM32F1xx_HAL_Driver\Src\stm32f1xx_hal.o
 .comment       0x0000007c       0x7d Drivers\STM32F1xx_HAL_Driver\Src\stm32f1xx_hal_cortex.o
 .comment       0x0000007c       0x7d Drivers\STM32F1xx_HAL_Driver\Src\stm32f1xx_hal_dma.o
 .comment       0x0000007c       0x7d Drivers\STM32F1xx_HAL_Driver\Src\stm32f1xx_hal_gpio.o
 .comment       0x0000007c       0x7d Drivers\STM32F1xx_HAL_Driver\Src\stm32f1xx_hal_i2c.o
 .comment       0x0000007c       0x7d Drivers\STM32F1xx_HAL_Driver\Src\stm32f1xx_hal_rcc.o
 .comment       0x0000007c       0x7d Drivers\STM32F1xx_HAL_Driver\Src\stm32f1xx_hal_tim.o
 .comment       0x0000007c       0x7d Drivers\STM32F1xx_HAL_Driver\Src\stm32f1xx_hal_tim_ex.o
 .comment       0x0000007c       0x7d Drivers\STM32F1xx_HAL_Driver\Src\stm32f1xx_hal_uart.o

.debug_frame    0x00000000     0x4a58
 .debug_frame   0x00000000       0x38 Core\Src\fonts.o
 .debug_frame   0x00000038       0x34 Core\Src\gpio.o
 .debug_frame   0x0000006c       0x74 Core\Src\i2c.o
 .debug_frame   0x000000e0       0x94 Core\Src\main.o
 .debug_frame   0x00000174      0x414 Core\Src\ssd1306.o
 .debug_frame   0x00000588       0x38 Core\Src\stm32f1xx_hal_msp.o
 .debug_frame   0x000005c0      0x120 Core\Src\stm32f1xx_it.o
 .debug_frame   0x000006e0      0x2d4 Core\Src\syscalls.o
 .debug_frame   0x000009b4       0x58 Core\Src\system_stm32f1xx.o
 .debug_frame   0x00000a0c       0xcc Core\Src\tim.o
 .debug_frame   0x00000ad8       0x74 Core\Src\usart.o
 .debug_frame   0x00000b4c      0x334 Drivers\STM32F1xx_HAL_Driver\Src\stm32f1xx_hal.o
 .debug_frame   0x00000e80      0x428 Drivers\STM32F1xx_HAL_Driver\Src\stm32f1xx_hal_cortex.o
 .debug_frame   0x000012a8      0x208 Drivers\STM32F1xx_HAL_Driver\Src\stm32f1xx_hal_dma.o
 .debug_frame   0x000014b0      0x14c Drivers\STM32F1xx_HAL_Driver\Src\stm32f1xx_hal_gpio.o
 .debug_frame   0x000015fc      0xc5c Drivers\STM32F1xx_HAL_Driver\Src\stm32f1xx_hal_i2c.o
 .debug_frame   0x00002258      0x21c Drivers\STM32F1xx_HAL_Driver\Src\stm32f1xx_hal_rcc.o
 .debug_frame   0x00002474     0x11b8 Drivers\STM32F1xx_HAL_Driver\Src\stm32f1xx_hal_tim.o
 .debug_frame   0x0000362c      0x638 Drivers\STM32F1xx_HAL_Driver\Src\stm32f1xx_hal_tim_ex.o
 .debug_frame   0x00003c64      0x918 Drivers\STM32F1xx_HAL_Driver\Src\stm32f1xx_hal_uart.o
 .debug_frame   0x0000457c       0x20 c:/program files (x86)/atollic/truestudio for stm32 9.3.0/armtools/bin/../lib/gcc/arm-atollic-eabi/6.3.1/../../../../arm-atollic-eabi/lib/armv7-m\libc_nano.a(lib_a-errno.o)
 .debug_frame   0x0000459c       0x2c c:/program files (x86)/atollic/truestudio for stm32 9.3.0/armtools/bin/../lib/gcc/arm-atollic-eabi/6.3.1/../../../../arm-atollic-eabi/lib/armv7-m\libc_nano.a(lib_a-init.o)
 .debug_frame   0x000045c8       0x20 c:/program files (x86)/atollic/truestudio for stm32 9.3.0/armtools/bin/../lib/gcc/arm-atollic-eabi/6.3.1/../../../../arm-atollic-eabi/lib/armv7-m\libc_nano.a(lib_a-memset.o)
 .debug_frame   0x000045e8       0x70 c:/program files (x86)/atollic/truestudio for stm32 9.3.0/armtools/bin/../lib/gcc/arm-atollic-eabi/6.3.1/../../../../arm-atollic-eabi/lib/armv7-m\libc_nano.a(lib_a-sprintf.o)
 .debug_frame   0x00004658       0x90 c:/program files (x86)/atollic/truestudio for stm32 9.3.0/armtools/bin/../lib/gcc/arm-atollic-eabi/6.3.1/../../../../arm-atollic-eabi/lib/armv7-m\libc_nano.a(lib_a-nano-svfprintf.o)
 .debug_frame   0x000046e8       0x60 c:/program files (x86)/atollic/truestudio for stm32 9.3.0/armtools/bin/../lib/gcc/arm-atollic-eabi/6.3.1/../../../../arm-atollic-eabi/lib/armv7-m\libc_nano.a(lib_a-nano-vfprintf_i.o)
 .debug_frame   0x00004748       0x28 c:/program files (x86)/atollic/truestudio for stm32 9.3.0/armtools/bin/../lib/gcc/arm-atollic-eabi/6.3.1/../../../../arm-atollic-eabi/lib/armv7-m\libc_nano.a(lib_a-memchr-stub.o)
 .debug_frame   0x00004770       0x28 c:/program files (x86)/atollic/truestudio for stm32 9.3.0/armtools/bin/../lib/gcc/arm-atollic-eabi/6.3.1/../../../../arm-atollic-eabi/lib/armv7-m\libc_nano.a(lib_a-memcpy-stub.o)
 .debug_frame   0x00004798       0x28 c:/program files (x86)/atollic/truestudio for stm32 9.3.0/armtools/bin/../lib/gcc/arm-atollic-eabi/6.3.1/../../../../arm-atollic-eabi/lib/armv7-m\libc_nano.a(lib_a-memmove.o)
 .debug_frame   0x000047c0       0x38 c:/program files (x86)/atollic/truestudio for stm32 9.3.0/armtools/bin/../lib/gcc/arm-atollic-eabi/6.3.1/../../../../arm-atollic-eabi/lib/armv7-m\libc_nano.a(lib_a-nano-freer.o)
 .debug_frame   0x000047f8       0x2c c:/program files (x86)/atollic/truestudio for stm32 9.3.0/armtools/bin/../lib/gcc/arm-atollic-eabi/6.3.1/../../../../arm-atollic-eabi/lib/armv7-m\libc_nano.a(lib_a-nano-mallocr.o)
 .debug_frame   0x00004824       0x3c c:/program files (x86)/atollic/truestudio for stm32 9.3.0/armtools/bin/../lib/gcc/arm-atollic-eabi/6.3.1/../../../../arm-atollic-eabi/lib/armv7-m\libc_nano.a(lib_a-nano-reallocr.o)
 .debug_frame   0x00004860       0x2c c:/program files (x86)/atollic/truestudio for stm32 9.3.0/armtools/bin/../lib/gcc/arm-atollic-eabi/6.3.1/../../../../arm-atollic-eabi/lib/armv7-m\libc_nano.a(lib_a-sbrkr.o)
 .debug_frame   0x0000488c       0x30 c:/program files (x86)/atollic/truestudio for stm32 9.3.0/armtools/bin/../lib/gcc/arm-atollic-eabi/6.3.1/../../../../arm-atollic-eabi/lib/armv7-m\libc_nano.a(lib_a-mlock.o)
 .debug_frame   0x000048bc       0x20 c:/program files (x86)/atollic/truestudio for stm32 9.3.0/armtools/bin/../lib/gcc/arm-atollic-eabi/6.3.1/../../../../arm-atollic-eabi/lib/armv7-m\libc_nano.a(lib_a-nano-msizer.o)
 .debug_frame   0x000048dc       0x5c c:/program files (x86)/atollic/truestudio for stm32 9.3.0/armtools/bin/../lib/gcc/arm-atollic-eabi/6.3.1/../../../../arm-atollic-eabi/lib/armv7-m\libc_nano.a(lib_a-reent.o)
 .debug_frame   0x00004938       0xac c:/program files (x86)/atollic/truestudio for stm32 9.3.0/armtools/bin/../lib/gcc/arm-atollic-eabi/6.3.1/armv7-m\libgcc.a(_arm_addsubdf3.o)
 .debug_frame   0x000049e4       0x50 c:/program files (x86)/atollic/truestudio for stm32 9.3.0/armtools/bin/../lib/gcc/arm-atollic-eabi/6.3.1/armv7-m\libgcc.a(_arm_muldivdf3.o)
 .debug_frame   0x00004a34       0x24 c:/program files (x86)/atollic/truestudio for stm32 9.3.0/armtools/bin/../lib/gcc/arm-atollic-eabi/6.3.1/armv7-m\libgcc.a(_arm_fixunsdfsi.o)
